../LWIP/Target/ethernetif.c:132:9:FilterBySourceMACAdress	32	static
../LWIP/Target/ethernetif.c:162:13:low_level_init	24	static
../LWIP/Target/ethernetif.c:262:14:low_level_output	80	static
../LWIP/Target/ethernetif.c:309:22:low_level_input	32	static
../LWIP/Target/ethernetif.c:365:6:ethernetif_input	24	static
../LWIP/Target/ethernetif.c:415:7:ethernetif_init	16	static
../LWIP/Target/ethernetif.c:466:6:pbuf_free_custom	24	static
../LWIP/Target/ethernetif.c:488:7:sys_now	8	static
../LWIP/Target/ethernetif.c:501:6:HAL_ETH_MspInit	64	static
../LWIP/Target/ethernetif.c:561:6:HAL_ETH_MspDeInit	16	static
../LWIP/Target/ethernetif.c:604:9:ETH_PHY_IO_Init	8	static
../LWIP/Target/ethernetif.c:621:9:ETH_PHY_IO_DeInit	4	static
../LWIP/Target/ethernetif.c:633:9:ETH_PHY_IO_ReadReg	24	static
../LWIP/Target/ethernetif.c:650:9:ETH_PHY_IO_WriteReg	24	static
../LWIP/Target/ethernetif.c:664:9:ETH_PHY_IO_GetTick	8	static
../LWIP/Target/ethernetif.c:673:6:ethernet_link_check_state	136	static
../LWIP/Target/ethernetif.c:730:6:HAL_ETH_RxAllocateCallback	32	static
../LWIP/Target/ethernetif.c:752:6:HAL_ETH_RxLinkCallback	40	static
../LWIP/Target/ethernetif.c:789:6:HAL_ETH_TxFreeCallback	16	static
