../LWIP/Target/ethernetif.c:130:9:FilterBySourceMACAdress	32	static
../LWIP/Target/ethernetif.c:160:13:low_level_init	24	static
../LWIP/Target/ethernetif.c:260:14:low_level_output	80	static
../LWIP/Target/ethernetif.c:307:22:low_level_input	32	static
../LWIP/Target/ethernetif.c:347:6:ethernetif_input	24	static
../LWIP/Target/ethernetif.c:397:7:ethernetif_init	16	static
../LWIP/Target/ethernetif.c:448:6:pbuf_free_custom	24	static
../LWIP/Target/ethernetif.c:470:7:sys_now	8	static
../LWIP/Target/ethernetif.c:483:6:HAL_ETH_MspInit	64	static
../LWIP/Target/ethernetif.c:543:6:HAL_ETH_MspDeInit	16	static
../LWIP/Target/ethernetif.c:586:9:ETH_PHY_IO_Init	8	static
../LWIP/Target/ethernetif.c:603:9:ETH_PHY_IO_DeInit	4	static
../LWIP/Target/ethernetif.c:615:9:ETH_PHY_IO_ReadReg	24	static
../LWIP/Target/ethernetif.c:632:9:ETH_PHY_IO_WriteReg	24	static
../LWIP/Target/ethernetif.c:646:9:ETH_PHY_IO_GetTick	8	static
../LWIP/Target/ethernetif.c:655:6:ethernet_link_check_state	136	static
../LWIP/Target/ethernetif.c:712:6:HAL_ETH_RxAllocateCallback	32	static
../LWIP/Target/ethernetif.c:734:6:HAL_ETH_RxLinkCallback	40	static
../LWIP/Target/ethernetif.c:771:6:HAL_ETH_TxFreeCallback	16	static
