../Core/Src/stm32f4xx_it.c:58:6:USART_SendByte	16	static
../Core/Src/stm32f4xx_it.c:87:6:NMI_Handler	4	static
../Core/Src/stm32f4xx_it.c:102:6:HardFault_Handler	4	static
../Core/Src/stm32f4xx_it.c:117:6:MemManage_Handler	4	static
../Core/Src/stm32f4xx_it.c:132:6:BusFault_Handler	4	static
../Core/Src/stm32f4xx_it.c:147:6:UsageFault_Handler	4	static
../Core/Src/stm32f4xx_it.c:162:6:SVC_Handler	4	static
../Core/Src/stm32f4xx_it.c:175:6:DebugMon_Handler	4	static
../Core/Src/stm32f4xx_it.c:188:6:PendSV_Handler	4	static
../Core/Src/stm32f4xx_it.c:201:6:SysTick_Handler	8	static
../Core/Src/stm32f4xx_it.c:222:6:USART3_IRQHandler	8	static
